20:01:40 **** Incremental Build of configuration Debug for project LED_STRIP_BNT ****
make -j6 all 
arm-none-eabi-gcc "../Core/Src/main.c" -mcpu=cortex-m4 -std=gnu11 -g3 -DDEBUG -DUSE_HAL_DRIVER -DSTM32F411xE -c -I../Core/Inc -I../Drivers/STM32F4xx_HAL_Driver/Inc -I../Drivers/STM32F4xx_HAL_Driver/Inc/Legacy -I../Drivers/CMSIS/Device/ST/STM32F4xx/Include -I../Drivers/CMSIS/Include -O0 -ffunction-sections -fdata-sections -Wall -fstack-usage -fcyclomatic-complexity -MMD -MP -MF"Core/Src/main.d" -MT"Core/Src/main.o" --specs=nano.specs -mfpu=fpv4-sp-d16 -mfloat-abi=hard -mthumb -o "Core/Src/main.o"
arm-none-eabi-gcc -o "LED_STRIP_BNT.elf" @"objects.list"   -mcpu=cortex-m4 -T"E:\STM32\Workspace\STM32F4\LED_STRIP_BNT\STM32F411RETX_FLASH.ld" --specs=nosys.specs -Wl,-Map="LED_STRIP_BNT.map" -Wl,--gc-sections -static --specs=nano.specs -mfpu=fpv4-sp-d16 -mfloat-abi=hard -mthumb -Wl,--start-group -lc -lm -Wl,--end-group
Finished building target: LED_STRIP_BNT.elf
 
arm-none-eabi-size  LED_STRIP_BNT.elf 
arm-none-eabi-objdump -h -S LED_STRIP_BNT.elf  > "LED_STRIP_BNT.list"
   text	   data	    bss	    dec	    hex	filename
   5916	     12	   1572	   7500	   1d4c	LED_STRIP_BNT.elf
Finished building: default.size.stdout
 
Finished building: LED_STRIP_BNT.list
 

20:01:41 Build Finished. 0 errors, 0 warnings. (took 819ms)

